[thietbidienavhh.com/index.html]
[backblue.gif]
[fade.gif]
[index.html]
[cdn.bksoftwarevn.com/resources/micro-upload/avhh/logo/logo-avhh.png]
[thietbidienavhh.com/plugins/bootstrap/bootstrap.min.css]
[thietbidienavhh.com/plugins/slick-1.8.1/slick.css]
[thietbidienavhh.com/plugins/slick-1.8.1/slick-theme.css]
[thietbidienavhh.com/css/global.css]
[code.jquery.com/jquery-3.5.1.slim.min.js]
[ajax.googleapis.com/ajax/libs/jquery/3.5.1/jquery.min.js]
[kit.fontawesome.com/63f35fe35b.js]
[cdn.jsdelivr.net/npm/popper.js@1.16.1/dist/umd/popper.min.js]
[stackpath.bootstrapcdn.com/bootstrap/4.5.2/js/bootstrap.min.js]
[thietbidienavhh.com/plugins/bootstrap-notify/bootstrap-notify.min.css]
[thietbidienavhh.com/plugins/bootstrap-notify.min.js]
[thietbidienavhh.com/plugins/bootstrap-notify/bootstrap-notify.min.js]
[thietbidienavhh.com/plugins/slick-1.8.1/slick.min.js]
[thietbidienavhh.com/plugins/particles/particles.js]
[thietbidienavhh.com/plugins/pagination/pagination.js]
[thietbidienavhh.com/plugins/animate/animate.min.css]
[thietbidienavhh.com/js/app_const.js]
[thietbidienavhh.com/js/global.js]
[thietbidienavhh.com/ajax/ajax_main.js]
[cdn.bksoftwarevn.com/resources/library_js/ajax_micro_service/ajax_global.js]
[cdn.bksoftwarevn.com/resources/library_js/ajax_micro_service/ajax_infor_system_service.js]
[cdn.bksoftwarevn.com/resources/library_js/ajax_micro_service/ajax_product_service.js]
[cdn.bksoftwarevn.com/resources/library_js/ajax_micro_service/ajax_news_service.js]
[thietbidienavhh.com/ajax/page/ajax_page_base.js]
[thietbidienavhh.com/trang-chu.html]
[thietbidienavhh.com/file/icon/important-mail.png]
[thietbidienavhh.com/file/icon/facebook.png]
[thietbidienavhh.com/file/icon/youtube.png]
[thietbidienavhh.com/file/icon/zalo.png]
[thietbidienavhh.com/gioi-thieu.html]
[thietbidienavhh.com/cong-trinh.html]
[thietbidienavhh.com/tin-tuc.html]
[thietbidienavhh.com/lien-he.html]
[thietbidienavhh.com/ajax/page/ajax_page_banner.js]
[thietbidienavhh.com/css/trang_chu.css]
[thietbidienavhh.com/js/home.js]
[cdn.bksoftwarevn.com/resources/library_js/ajax_micro_service/ajax_marketing_service.js]
[thietbidienavhh.com/ajax/page/ajax_page_trang_chu.js]
[thietbidienavhh.com/file/icon/youtube-play.png]
[thietbidienavhh.com/gio-hang.html]
[connect.facebook.net/vi_VN/sdk.js]
[thietbidienavhh.com/index.html]
[thietbidienavhh.com/plugins/bootstrap/bootstrap.min.css]
[thietbidienavhh.com/plugins/slick-1.8.1/slick.css]
[connect.facebook.net/vi_VN/sdk/xfbml.customerchat.js]
[thietbidienavhh.com/plugins/slick-1.8.1/ajax-loader.gif]
[thietbidienavhh.com/plugins/slick-1.8.1/slick-theme.css]
[thietbidienavhh.com/plugins/slick-1.8.1/fonts/slick.svg]
[thietbidienavhh.com/file/icon/gift.png]
[thietbidienavhh.com/css/global.css]
[thietbidienavhh.com/plugins/bootstrap-notify/bootstrap-notify.min.css]
[thietbidienavhh.com/plugins/animate/animate.min.css]
[thietbidienavhh.com/trang-chu.html]
[thietbidienavhh.com/css/gioi_thieu.css]
[thietbidienavhh.com/js/lienhe.js]
[thietbidienavhh.com/ajax/pages/page_gioi_thieu.js]
[thietbidienavhh.com/js/utils.js]
[thietbidienpanasonic.com/wp-content/uploads/2018/08/bep-dien-tu-panasonic-chat-luong-300x163.jpg]
[thietbidienavhh.com/gioi-thieu.html]
[thietbidienavhh.com/css/common_category.css]
[thietbidienavhh.com/ajax/pages/page_common_category.js]
[thietbidienavhh.com/css/cong_trinh.css]
[thietbidienavhh.com/ajax/pages/page_cong_trinh.js]
[thietbidienpanasonic.com/wp-content/uploads/2017/06/thiet-bi-cam-ung-panasonic-wtkg231-175x175.jpg]
[thietbidienpanasonic.com/wp-content/uploads/2017/06/bao-gia-thiet-bi-dien-panasonic.jpg]
[thietbidienavhh.com/cong-trinh.html]
[thietbidienavhh.com/css/tin_tuc.css]
[thietbidienavhh.com/tin-tuc.html]
[thietbidienavhh.com/ajax/pages/page_tin_tuc.js]
[thietbidienavhh.com/css/lien_he.css]
[thietbidienavhh.com/ajax/pages/page_lien_he.js]
[thietbidienavhh.com/ajax/model/ajax_bk_cdn.js]
[thietbidienavhh.com/icon/zalo.png]
[thietbidienavhh.com/lien-he.html]
[thietbidienavhh.com/css/trang_chu.css]
[thietbidienavhh.com/css/gio_hang.css]
[thietbidienavhh.com/plugins/inputSpinnerBootstrap/bootstrap-input-spinner.js]
[thietbidienavhh.com/js/gio_hang.js]
[thietbidienavhh.com/gio-hang.html]
[connect.facebook.net/vi_VN/sdk.js]
[thietbidienavhh.com/ajax/page/ajax_page_gio_hang.js]
[thietbidienavhh.com/restserver.html]
[thietbidienavhh.com/ABCDEFGHIJKLMNOPQRSTUVWXYZabcdefghijklmnopqrstuvwxyz0123456789+/index.html]
[connect.facebook.net/vi_VN/sdk/xfbml.customerchat.js]
[thietbidienavhh.com/plugins/slick-1.8.1/fonts/slick.html]
[thietbidienavhh.com/plugins/slick-1.8.1/fonts/slickd41d.html]
[thietbidienavhh.com/plugins/slick-1.8.1/fonts/slick-2.html]
[thietbidienavhh.com/plugins/slick-1.8.1/fonts/slick-3.html]
[thietbidienavhh.com/plugins/slick-1.8.1/fonts/slick.svg]
[thietbidienavhh.com/css/gioi_thieu.css]
[thietbidienavhh.com/css/common_category.css]
[thietbidienavhh.com/css/cong_trinh.css]
[thietbidienavhh.com/css/tin_tuc.css]
[thietbidienavhh.com/css/lien_he.css]
[thietbidienavhh.com/css/gio_hang.css]
[thietbidienavhh.com/^([^_/indexd41d.html]
[thietbidienavhh.com/GET.html]
[thietbidienavhh.com/dialog/index.html]
[thietbidienavhh.com/restserver.html]
[thietbidienavhh.com/ABCDEFGHIJKLMNOPQRSTUVWXYZabcdefghijklmnopqrstuvwxyz0123456789+/index.html]
[thietbidienavhh.com/GET.html]
[thietbidienavhh.com/dialog/index.html]
[thietbidienavhh.com/css/404.css]
[thietbidienavhh.com/file/icon/text.png]
[thietbidienavhh.com/css/404.css]
